INSTRUMENTATION_STATUS: class=takagi.ru.monica.autofill_ng.AutofillFlowInstrumentedTest
INSTRUMENTATION_STATUS: current=1
INSTRUMENTATION_STATUS: id=AndroidJUnitRunner
INSTRUMENTATION_STATUS: numtests=21
INSTRUMENTATION_STATUS: stream=
takagi.ru.monica.autofill_ng.AutofillFlowInstrumentedTest:
INSTRUMENTATION_STATUS: test=issue153ManualLockRevokesEvenIfKeyIsLoadedAgain
INSTRUMENTATION_STATUS_CODE: 1
INSTRUMENTATION_STATUS: class=takagi.ru.monica.autofill_ng.AutofillFlowInstrumentedTest
INSTRUMENTATION_STATUS: current=1
INSTRUMENTATION_STATUS: id=AndroidJUnitRunner
INSTRUMENTATION_STATUS: numtests=21
INSTRUMENTATION_STATUS: stream=.
INSTRUMENTATION_STATUS: test=issue153ManualLockRevokesEvenIfKeyIsLoadedAgain
INSTRUMENTATION_STATUS_CODE: 0
INSTRUMENTATION_STATUS: class=takagi.ru.monica.autofill_ng.AutofillFlowInstrumentedTest
INSTRUMENTATION_STATUS: current=2
INSTRUMENTATION_STATUS: id=AndroidJUnitRunner
INSTRUMENTATION_STATUS: numtests=21
INSTRUMENTATION_STATUS: stream=
INSTRUMENTATION_STATUS: test=cancellingVerificationLeavesTheFormEmptyAndAllowsRetry
INSTRUMENTATION_STATUS_CODE: 1
INSTRUMENTATION_STATUS: class=takagi.ru.monica.autofill_ng.AutofillFlowInstrumentedTest
INSTRUMENTATION_STATUS: current=2
INSTRUMENTATION_STATUS: id=AndroidJUnitRunner
INSTRUMENTATION_STATUS: numtests=21
INSTRUMENTATION_STATUS: stream=.
INSTRUMENTATION_STATUS: test=cancellingVerificationLeavesTheFormEmptyAndAllowsRetry
INSTRUMENTATION_STATUS_CODE: 0
INSTRUMENTATION_STATUS: class=takagi.ru.monica.autofill_ng.AutofillFlowInstrumentedTest
INSTRUMENTATION_STATUS: current=3
INSTRUMENTATION_STATUS: id=AndroidJUnitRunner
INSTRUMENTATION_STATUS: numtests=21
INSTRUMENTATION_STATUS: stream=
INSTRUMENTATION_STATUS: test=issue153WrongPasswordDoesNotGrantAccessAndCanRetry
INSTRUMENTATION_STATUS_CODE: 1
INSTRUMENTATION_STATUS: class=takagi.ru.monica.autofill_ng.AutofillFlowInstrumentedTest
INSTRUMENTATION_STATUS: current=3
INSTRUMENTATION_STATUS: id=AndroidJUnitRunner
INSTRUMENTATION_STATUS: numtests=21
INSTRUMENTATION_STATUS: stream=.
INSTRUMENTATION_STATUS: test=issue153WrongPasswordDoesNotGrantAccessAndCanRetry
INSTRUMENTATION_STATUS_CODE: 0
INSTRUMENTATION_STATUS: class=takagi.ru.monica.autofill_ng.AutofillFlowInstrumentedTest
INSTRUMENTATION_STATUS: current=4
INSTRUMENTATION_STATUS: id=AndroidJUnitRunner
INSTRUMENTATION_STATUS: numtests=21
INSTRUMENTATION_STATUS: stream=
INSTRUMENTATION_STATUS: test=issue153PickerVerificationAndRecreationGrantFollowingSystemFill
INSTRUMENTATION_STATUS_CODE: 1
s_glBindAttribLocation: bind attrib 0 name position
s_glBindAttribLocation: bind attrib 1 name localCoord
INSTRUMENTATION_STATUS: class=takagi.ru.monica.autofill_ng.AutofillFlowInstrumentedTest
INSTRUMENTATION_STATUS: current=4
INSTRUMENTATION_STATUS: id=AndroidJUnitRunner
INSTRUMENTATION_STATUS: numtests=21
INSTRUMENTATION_STATUS: stream=.
INSTRUMENTATION_STATUS: test=issue153PickerVerificationAndRecreationGrantFollowingSystemFill
INSTRUMENTATION_STATUS_CODE: 0
INSTRUMENTATION_STATUS: class=takagi.ru.monica.autofill_ng.AutofillFlowInstrumentedTest
INSTRUMENTATION_STATUS: current=5
INSTRUMENTATION_STATUS: id=AndroidJUnitRunner
INSTRUMENTATION_STATUS: numtests=21
INSTRUMENTATION_STATUS: stream=
INSTRUMENTATION_STATUS: test=issue153RemovingRealMainTaskRevokesBothSessions
INSTRUMENTATION_STATUS_CODE: 1
INSTRUMENTATION_STATUS: class=takagi.ru.monica.autofill_ng.AutofillFlowInstrumentedTest
INSTRUMENTATION_STATUS: current=5
INSTRUMENTATION_STATUS: id=AndroidJUnitRunner
INSTRUMENTATION_STATUS: numtests=21
INSTRUMENTATION_STATUS: stream=.
INSTRUMENTATION_STATUS: test=issue153RemovingRealMainTaskRevokesBothSessions
INSTRUMENTATION_STATUS_CODE: 0
INSTRUMENTATION_STATUS: class=takagi.ru.monica.autofill_ng.AutofillFlowInstrumentedTest
INSTRUMENTATION_STATUS: current=6
INSTRUMENTATION_STATUS: id=AndroidJUnitRunner
INSTRUMENTATION_STATUS: numtests=21
INSTRUMENTATION_STATUS: stream=
INSTRUMENTATION_STATUS: test=issue153TwoStepsSurviveOldTimeoutAndServiceRebind
INSTRUMENTATION_STATUS_CODE: 1
INSTRUMENTATION_STATUS: class=takagi.ru.monica.autofill_ng.AutofillFlowInstrumentedTest
INSTRUMENTATION_STATUS: current=6
INSTRUMENTATION_STATUS: id=AndroidJUnitRunner
INSTRUMENTATION_STATUS: numtests=21
INSTRUMENTATION_STATUS: stream=.
INSTRUMENTATION_STATUS: test=issue153TwoStepsSurviveOldTimeoutAndServiceRebind
INSTRUMENTATION_STATUS_CODE: 0
INSTRUMENTATION_STATUS: class=takagi.ru.monica.autofill_ng.AutofillFlowInstrumentedTest
INSTRUMENTATION_STATUS: current=7
INSTRUMENTATION_STATUS: id=AndroidJUnitRunner
INSTRUMENTATION_STATUS: numtests=21
INSTRUMENTATION_STATUS: stream=
INSTRUMENTATION_STATUS: test=issue153TurningOffAndOnDoesNotRestoreGrant
INSTRUMENTATION_STATUS_CODE: 1
INSTRUMENTATION_STATUS: class=takagi.ru.monica.autofill_ng.AutofillFlowInstrumentedTest
INSTRUMENTATION_STATUS: current=7
INSTRUMENTATION_STATUS: id=AndroidJUnitRunner
INSTRUMENTATION_STATUS: numtests=21
INSTRUMENTATION_STATUS: stream=.
INSTRUMENTATION_STATUS: test=issue153TurningOffAndOnDoesNotRestoreGrant
INSTRUMENTATION_STATUS_CODE: 0
INSTRUMENTATION_STATUS: class=takagi.ru.monica.autofill_ng.AutofillFlowInstrumentedTest
INSTRUMENTATION_STATUS: current=8
INSTRUMENTATION_STATUS: id=AndroidJUnitRunner
INSTRUMENTATION_STATUS: numtests=21
INSTRUMENTATION_STATUS: stream=
INSTRUMENTATION_STATUS: test=verifiedFillReturnsToTheOriginalForm
INSTRUMENTATION_STATUS_CODE: 1
INSTRUMENTATION_STATUS: class=takagi.ru.monica.autofill_ng.AutofillFlowInstrumentedTest
INSTRUMENTATION_STATUS: current=8
INSTRUMENTATION_STATUS: id=AndroidJUnitRunner
INSTRUMENTATION_STATUS: numtests=21
INSTRUMENTATION_STATUS: stream=.
INSTRUMENTATION_STATUS: test=verifiedFillReturnsToTheOriginalForm
INSTRUMENTATION_STATUS_CODE: 0
INSTRUMENTATION_STATUS: class=takagi.ru.monica.autofill_ng.AutofillFlowInstrumentedTest
INSTRUMENTATION_STATUS: current=9
INSTRUMENTATION_STATUS: id=AndroidJUnitRunner
INSTRUMENTATION_STATUS: numtests=21
INSTRUMENTATION_STATUS: stream=
INSTRUMENTATION_STATUS: test=issue153BackgroundAndConfigurationKeepMainSessionButPickerCannotRefreshIt
INSTRUMENTATION_STATUS_CODE: 1
INSTRUMENTATION_STATUS: class=takagi.ru.monica.autofill_ng.AutofillFlowInstrumentedTest
INSTRUMENTATION_STATUS: current=9
INSTRUMENTATION_STATUS: id=AndroidJUnitRunner
INSTRUMENTATION_STATUS: numtests=21
INSTRUMENTATION_STATUS: stream=.
INSTRUMENTATION_STATUS: test=issue153BackgroundAndConfigurationKeepMainSessionButPickerCannotRefreshIt
INSTRUMENTATION_STATUS_CODE: 0
INSTRUMENTATION_STATUS: class=takagi.ru.monica.autofill_ng.AutofillFlowInstrumentedTest
INSTRUMENTATION_STATUS: current=10
INSTRUMENTATION_STATUS: id=AndroidJUnitRunner
INSTRUMENTATION_STATUS: numtests=21
INSTRUMENTATION_STATUS: stream=
INSTRUMENTATION_STATUS: test=systemAutofillWithoutVerificationStillWorksAfterSessionLock
INSTRUMENTATION_STATUS_CODE: 1
INSTRUMENTATION_STATUS: class=takagi.ru.monica.autofill_ng.AutofillFlowInstrumentedTest
INSTRUMENTATION_STATUS: current=10
INSTRUMENTATION_STATUS: id=AndroidJUnitRunner
INSTRUMENTATION_STATUS: numtests=21
INSTRUMENTATION_STATUS: stream=.
INSTRUMENTATION_STATUS: test=systemAutofillWithoutVerificationStillWorksAfterSessionLock
INSTRUMENTATION_STATUS_CODE: 0
INSTRUMENTATION_STATUS: class=takagi.ru.monica.autofill_ng.AutofillFlowInstrumentedTest
INSTRUMENTATION_STATUS: current=11
INSTRUMENTATION_STATUS: id=AndroidJUnitRunner
INSTRUMENTATION_STATUS: numtests=21
INSTRUMENTATION_STATUS: stream=
INSTRUMENTATION_STATUS: test=issue153GrantDoesNotAuthorizeAnotherWebsite
INSTRUMENTATION_STATUS_CODE: 1
INSTRUMENTATION_STATUS: class=takagi.ru.monica.autofill_ng.AutofillFlowInstrumentedTest
INSTRUMENTATION_STATUS: current=11
INSTRUMENTATION_STATUS: id=AndroidJUnitRunner
INSTRUMENTATION_STATUS: numtests=21
INSTRUMENTATION_STATUS: stream=.
INSTRUMENTATION_STATUS: test=issue153GrantDoesNotAuthorizeAnotherWebsite
INSTRUMENTATION_STATUS_CODE: 0
INSTRUMENTATION_STATUS: class=takagi.ru.monica.autofill_ng.AutofillFlowInstrumentedTest
INSTRUMENTATION_STATUS: current=12
INSTRUMENTATION_STATUS: id=AndroidJUnitRunner
INSTRUMENTATION_STATUS: numtests=21
INSTRUMENTATION_STATUS: stream=
INSTRUMENTATION_STATUS: test=issue153RetentionDisabledRequiresVerificationForNextStep
INSTRUMENTATION_STATUS_CODE: 1
INSTRUMENTATION_STATUS: class=takagi.ru.monica.autofill_ng.AutofillFlowInstrumentedTest
INSTRUMENTATION_STATUS: current=12
INSTRUMENTATION_STATUS: id=AndroidJUnitRunner
INSTRUMENTATION_STATUS: numtests=21
INSTRUMENTATION_STATUS: stream=.
INSTRUMENTATION_STATUS: test=issue153RetentionDisabledRequiresVerificationForNextStep
INSTRUMENTATION_STATUS_CODE: 0
INSTRUMENTATION_STATUS: class=takagi.ru.monica.autofill_ng.AutofillFlowInstrumentedTest
INSTRUMENTATION_STATUS: current=13
INSTRUMENTATION_STATUS: id=AndroidJUnitRunner
INSTRUMENTATION_STATUS: numtests=21
INSTRUMENTATION_STATUS: stream=
INSTRUMENTATION_STATUS: test=issue153RealTwoMinuteExpiryRequiresAuthenticationAgain
INSTRUMENTATION_STATUS_CODE: 1
INSTRUMENTATION_STATUS: class=takagi.ru.monica.autofill_ng.AutofillFlowInstrumentedTest
INSTRUMENTATION_STATUS: current=13
INSTRUMENTATION_STATUS: id=AndroidJUnitRunner
INSTRUMENTATION_STATUS: numtests=21
INSTRUMENTATION_STATUS: stream=.
INSTRUMENTATION_STATUS: test=issue153RealTwoMinuteExpiryRequiresAuthenticationAgain
INSTRUMENTATION_STATUS_CODE: 0
INSTRUMENTATION_STATUS: class=takagi.ru.monica.autofill_ng.AutofillFlowInstrumentedTest
INSTRUMENTATION_STATUS: current=14
INSTRUMENTATION_STATUS: id=AndroidJUnitRunner
INSTRUMENTATION_STATUS: numtests=21
INSTRUMENTATION_STATUS: stream=
INSTRUMENTATION_STATUS: test=issue153DatasetVerificationGrantsFollowingSystemFill
INSTRUMENTATION_STATUS_CODE: 1
INSTRUMENTATION_STATUS: class=takagi.ru.monica.autofill_ng.AutofillFlowInstrumentedTest
INSTRUMENTATION_STATUS: current=14
INSTRUMENTATION_STATUS: id=AndroidJUnitRunner
INSTRUMENTATION_STATUS: numtests=21
INSTRUMENTATION_STATUS: stream=.
INSTRUMENTATION_STATUS: test=issue153DatasetVerificationGrantsFollowingSystemFill
INSTRUMENTATION_STATUS_CODE: 0
INSTRUMENTATION_STATUS: class=takagi.ru.monica.autofill_ng.AutofillFlowInstrumentedTest
INSTRUMENTATION_STATUS: current=15
INSTRUMENTATION_STATUS: id=AndroidJUnitRunner
INSTRUMENTATION_STATUS: numtests=21
INSTRUMENTATION_STATUS: stream=
INSTRUMENTATION_STATUS: test=issue153ScreenOffRevokesAcrossServiceLifetime
INSTRUMENTATION_STATUS_CODE: 1
INSTRUMENTATION_STATUS: class=takagi.ru.monica.autofill_ng.AutofillFlowInstrumentedTest
INSTRUMENTATION_STATUS: current=15
INSTRUMENTATION_STATUS: id=AndroidJUnitRunner
INSTRUMENTATION_STATUS: numtests=21
INSTRUMENTATION_STATUS: stream=.
INSTRUMENTATION_STATUS: test=issue153ScreenOffRevokesAcrossServiceLifetime
INSTRUMENTATION_STATUS_CODE: 0
INSTRUMENTATION_STATUS: class=takagi.ru.monica.autofill_ng.AutofillBlockedRequestInstrumentedTest
INSTRUMENTATION_STATUS: current=16
INSTRUMENTATION_STATUS: id=AndroidJUnitRunner
INSTRUMENTATION_STATUS: numtests=21
INSTRUMENTATION_STATUS: stream=
takagi.ru.monica.autofill_ng.AutofillBlockedRequestInstrumentedTest:
INSTRUMENTATION_STATUS: test=markingAFieldReturnsAReplacementInsteadOfCancelingAuthentication
INSTRUMENTATION_STATUS_CODE: 1
INSTRUMENTATION_STATUS: class=takagi.ru.monica.autofill_ng.AutofillBlockedRequestInstrumentedTest
INSTRUMENTATION_STATUS: current=16
INSTRUMENTATION_STATUS: id=AndroidJUnitRunner
INSTRUMENTATION_STATUS: numtests=21
INSTRUMENTATION_STATUS: stream=.
INSTRUMENTATION_STATUS: test=markingAFieldReturnsAReplacementInsteadOfCancelingAuthentication
INSTRUMENTATION_STATUS_CODE: 0
INSTRUMENTATION_STATUS: class=takagi.ru.monica.autofill_ng.AutofillBlockedRequestInstrumentedTest
INSTRUMENTATION_STATUS: current=17
INSTRUMENTATION_STATUS: id=AndroidJUnitRunner
INSTRUMENTATION_STATUS: numtests=21
INSTRUMENTATION_STATUS: stream=
INSTRUMENTATION_STATUS: test=cachedUnlockIsRejectedBeforeVerification
INSTRUMENTATION_STATUS_CODE: 1
INSTRUMENTATION_STATUS: class=takagi.ru.monica.autofill_ng.AutofillBlockedRequestInstrumentedTest
INSTRUMENTATION_STATUS: current=17
INSTRUMENTATION_STATUS: id=AndroidJUnitRunner
INSTRUMENTATION_STATUS: numtests=21
INSTRUMENTATION_STATUS: stream=.
INSTRUMENTATION_STATUS: test=cachedUnlockIsRejectedBeforeVerification
INSTRUMENTATION_STATUS_CODE: 0
INSTRUMENTATION_STATUS: class=takagi.ru.monica.autofill_ng.AutofillBlockedRequestInstrumentedTest
INSTRUMENTATION_STATUS: current=18
INSTRUMENTATION_STATUS: id=AndroidJUnitRunner
INSTRUMENTATION_STATUS: numtests=21
INSTRUMENTATION_STATUS: stream=
INSTRUMENTATION_STATUS: test=cachedDatasetIsRejectedWithVerificationEnabledOrDisabled
INSTRUMENTATION_STATUS_CODE: 1
INSTRUMENTATION_STATUS: class=takagi.ru.monica.autofill_ng.AutofillBlockedRequestInstrumentedTest
INSTRUMENTATION_STATUS: current=18
INSTRUMENTATION_STATUS: id=AndroidJUnitRunner
INSTRUMENTATION_STATUS: numtests=21
INSTRUMENTATION_STATUS: stream=.
INSTRUMENTATION_STATUS: test=cachedDatasetIsRejectedWithVerificationEnabledOrDisabled
INSTRUMENTATION_STATUS_CODE: 0
INSTRUMENTATION_STATUS: class=takagi.ru.monica.autofill_ng.AutofillBlockedRequestInstrumentedTest
INSTRUMENTATION_STATUS: current=19
INSTRUMENTATION_STATUS: id=AndroidJUnitRunner
INSTRUMENTATION_STATUS: numtests=21
INSTRUMENTATION_STATUS: stream=
INSTRUMENTATION_STATUS: test=blockingOneSignatureDoesNotBlockAnotherField
INSTRUMENTATION_STATUS_CODE: 1
INSTRUMENTATION_STATUS: class=takagi.ru.monica.autofill_ng.AutofillBlockedRequestInstrumentedTest
INSTRUMENTATION_STATUS: current=19
INSTRUMENTATION_STATUS: id=AndroidJUnitRunner
INSTRUMENTATION_STATUS: numtests=21
INSTRUMENTATION_STATUS: stream=.
INSTRUMENTATION_STATUS: test=blockingOneSignatureDoesNotBlockAnotherField
INSTRUMENTATION_STATUS_CODE: 0
INSTRUMENTATION_STATUS: class=takagi.ru.monica.autofill_ng.AutofillRetentionSettingsUiTest
INSTRUMENTATION_STATUS: current=20
INSTRUMENTATION_STATUS: id=AndroidJUnitRunner
INSTRUMENTATION_STATUS: numtests=21
INSTRUMENTATION_STATUS: stream=
takagi.ru.monica.autofill_ng.AutofillRetentionSettingsUiTest:
INSTRUMENTATION_STATUS: test=switchDefaultsOffPersistsOnRecreationAndFitsSmallLargeFontScreen
INSTRUMENTATION_STATUS_CODE: 1
INSTRUMENTATION_STATUS: class=takagi.ru.monica.autofill_ng.AutofillRetentionSettingsUiTest
INSTRUMENTATION_STATUS: current=20
INSTRUMENTATION_STATUS: id=AndroidJUnitRunner
INSTRUMENTATION_STATUS: numtests=21
INSTRUMENTATION_STATUS: stream=.
INSTRUMENTATION_STATUS: test=switchDefaultsOffPersistsOnRecreationAndFitsSmallLargeFontScreen
INSTRUMENTATION_STATUS_CODE: 0
INSTRUMENTATION_STATUS: class=takagi.ru.monica.utils.AutofillRetentionBackupTest
INSTRUMENTATION_STATUS: current=21
INSTRUMENTATION_STATUS: id=AndroidJUnitRunner
INSTRUMENTATION_STATUS: numtests=21
INSTRUMENTATION_STATUS: stream=
takagi.ru.monica.utils.AutofillRetentionBackupTest:
INSTRUMENTATION_STATUS: test=oldBackupDefaultsOffAndNewBackupRoundTripsExplicitChoice
INSTRUMENTATION_STATUS_CODE: 1
INSTRUMENTATION_STATUS: class=takagi.ru.monica.utils.AutofillRetentionBackupTest
INSTRUMENTATION_STATUS: current=21
INSTRUMENTATION_STATUS: id=AndroidJUnitRunner
INSTRUMENTATION_STATUS: numtests=21
INSTRUMENTATION_STATUS: stream=.
INSTRUMENTATION_STATUS: test=oldBackupDefaultsOffAndNewBackupRoundTripsExplicitChoice
INSTRUMENTATION_STATUS_CODE: 0
INSTRUMENTATION_RESULT: stream=

Time: 452.411

OK (21 tests)


INSTRUMENTATION_CODE: -1
